[www.marketingcentral.com.br/index.html]
[www.marketingcentral.com.br/xmlrpc.php]
[backblue.gif]
[fade.gif]
[index.html]
[www.marketingcentral.com.br/wp-content/uploads/2021/11/251846891_3143174142473664_494182865022605145_n.png]
[www.marketingcentral.com.br/wp-content/themes/pdseo/images/bg-9.png]
[www.marketingcentral.com.br/wp-content/cache/min/1/dcd7da0e0f05f28c72029a7c37ffcaf9.css]
[www.marketingcentral.com.br/wp-content/plugins/wp-rocket/assets/img/youtube.png]
[www.marketingcentral.com.br/wp-json/wp/v2/pages/62.json]
[www.marketingcentral.com.br/xmlrpc0db0.php]
[www.marketingcentral.com.br/wp-includes/wlwmanifest.xml]
[www.marketingcentral.com.br/wp-json/oembed/1.0/embedc1d5.json]
[www.marketingcentral.com.br/wp-json/oembed/1.0/embed43d0]
[www.marketingcentral.com.br/wp-content/uploads/2021/10/cropped-icon-32x32.png]
[www.marketingcentral.com.br/wp-content/uploads/2021/10/cropped-icon-192x192.png]
[www.marketingcentral.com.br/wp-content/uploads/2021/10/cropped-icon-180x180.png]
[www.marketingcentral.com.br/wp-content/themes/pdseo/svg/socials/whatsapp.svg]
[www.marketingcentral.com.br/wp-content/themes/pdseo/svg/socials/facebook.svg]
[www.marketingcentral.com.br/wp-content/themes/pdseo/svg/socials/instagram.svg]
[www.marketingcentral.com.br/wp-content/uploads/2021/10/marketing-central-logomarca.jpg]
[www.marketingcentral.com.br/cdn-cgi/l/email-protection.html]
[www.marketingcentral.com.br/wp-content/plugins/revslider/public/assets/assets/dummy.png]
[www.marketingcentral.com.br/cdn-cgi/scripts/5c5dd728/cloudflare-static/email-decode.min.js]
[www.marketingcentral.com.br/agencia-para-posicionamento-no-google-seo/index.html]
[www.marketingcentral.com.br/agencia-para-gerenciamento-de-campanhas-no-google-adwords/index.html]
[www.marketingcentral.com.br/criacao-de-artes-pecas-de-e-mail-marketing-e-logotipos/index.html]
[www.marketingcentral.com.br/wp-content/uploads/2021/10/criacao-de-sites.svg]
[www.marketingcentral.com.br/consultoria-digital/index.html]
[www.marketingcentral.com.br/envio-de-e-mail-marketing/index.html]
[www.marketingcentral.com.br/agencia-para-gerenciamento-de-social-media/index.html]
[www.marketingcentral.com.br/inbound-marketing-tambem-conhecido-como-marketing-de-conteudo/index.html]
[www.marketingcentral.com.br/google-meu-negocio-ou-google-my-business/index.html]
[www.marketingcentral.com.br/agencia-para-criacao-de-sites-blog-e-lojas-virtuais/index.html]
[www.marketingcentral.com.br/wp-content/uploads/2021/10/criacao-de-loja-virtual.svg]
[www.marketingcentral.com.br/criacao-de-aplicativo/index.html]
[www.marketingcentral.com.br/agencia-de-desenvolvimento-em-php/index.html]
[www.marketingcentral.com.br/criacao-de-loja-virtual/index.html]
[www.marketingcentral.com.br/cases/index.html]
[www.marketingcentral.com.br/wp-content/uploads/2021/10/seo-sei-site-na-primeira-pagina-do-google.svg]
[www.marketingcentral.com.br/wp-content/uploads/2021/10/adwords-anuncios-na-primeira-pagina.svg]
[www.marketingcentral.com.br/wp-content/uploads/2021/10/gerenciamento-de-redes-social-media.svg]
[www.marketingcentral.com.br/wp-content/uploads/2021/10/marketing-360.png]
[www.marketingcentral.com.br/wp-content/uploads/2021/10/google-business2.jpg]
[www.marketingcentral.com.br/wp-content/uploads/2021/10/maxresdefault.jpg]
[www.marketingcentral.com.br/wp-content/plugins/elementor-seosight/assets/images/video-control.svg]
[www.marketingcentral.com.br/wp-content/uploads/2020/01/darts_dart_target_spear_game_sport_competition_presentation_goals_aim.svg]
[www.marketingcentral.com.br/wp-content/uploads/2020/01/strategy_plan_management.svg]
[www.marketingcentral.com.br/wp-content/uploads/2020/01/robot_artificial_intelligence_ai_science.svg]
[www.marketingcentral.com.br/wp-content/uploads/2020/01/analytics_chart_stats_statistics_6.svg]
[www.marketingcentral.com.br/wp-content/uploads/2022/08/seplanejados-cases-300x225.jpg]
[www.marketingcentral.com.br/wp-content/uploads/2021/10/psykle-cases-300x225.jpg]
[www.marketingcentral.com.br/project/se-planejados/index.html]
[www.marketingcentral.com.br/portfolio/site-institucional/index.html]
[www.marketingcentral.com.br/wp-content/uploads/2022/08/askle-cases-300x225.jpg]
[www.marketingcentral.com.br/portfolio/google-adwords/index.html]
[www.marketingcentral.com.br/project/instituto-askle/index.html]
[www.marketingcentral.com.br/wp-content/uploads/2022/08/askle-med-trabalho-cases-300x225.jpg]
[www.marketingcentral.com.br/project/askle-medicina-do-trabalho/index.html]
[www.marketingcentral.com.br/project/psykle/index.html]
[www.marketingcentral.com.br/project/impactus-contabilidade/index.html]
[www.marketingcentral.com.br/wp-content/uploads/2022/03/impactus-contabilidade-300x225.jpg]
[www.marketingcentral.com.br/project/sushi-club/index.html]
[www.marketingcentral.com.br/wp-content/uploads/2022/02/sushi-club-case-300x225.jpg]
[www.marketingcentral.com.br/portfolio/loja-virtual/index.html]
[www.marketingcentral.com.br/wp-content/uploads/2021/10/depo11.png]
[www.marketingcentral.com.br/wp-content/uploads/2021/10/depo12.png]
[www.marketingcentral.com.br/wp-content/uploads/2021/10/depo13.png]
[www.marketingcentral.com.br/wp-content/uploads/2021/10/depo14.png]
[www.marketingcentral.com.br/blog.html]
[www.marketingcentral.com.br/wp-content/uploads/2022/03/sem-resultados-nas-suas-acoes-digitais-inbound-marketing-a-atracao-do-cliente-para-pequenos-empreendedores-300x225.jpg]
[www.marketingcentral.com.br/sem-resultados-nas-suas-acoes-digitais-inbound-marketing-a-atracao-do-cliente-para-pequenos-empreendedores/index.html]
[www.marketingcentral.com.br/wp-content/uploads/2022/03/se-a-sua-empresa-ainda-nao-tem-um-site-voce-esta-deixando-de-vender-300x225.jpg]
[www.marketingcentral.com.br/category/programacao/index.html]
[www.marketingcentral.com.br/se-a-sua-empresa-ainda-nao-tem-um-site-voce-esta-deixando-de-vender/index.html]
[www.marketingcentral.com.br/category/marketing-digital/index.html]
[www.marketingcentral.com.br/wp-content/uploads/2022/03/seo-entenda-a-importancia-dessa-ferramenta-estrategica-para-a-sua-empresa-scaled-300x225.jpg]
[www.marketingcentral.com.br/seo-entenda-a-importancia-dessa-ferramenta-estrategica-para-a-sua-empresa/index.html]
[www.marketingcentral.com.br/como-conseguir-um-perfil-engajado/index.html]
[www.marketingcentral.com.br/wp-content/uploads/2022/03/Como-conseguir-um-perfil-engajado3-300x225.jpg]
[www.marketingcentral.com.br/semana-do-consumidor-como-aumentar-minhas-vendas-no-instagram/index.html]
[www.marketingcentral.com.br/category/social-media-marketing/index.html]
[www.marketingcentral.com.br/category/dicas-da-marketing-central/index.html]
[www.marketingcentral.com.br/wp-content/uploads/2022/03/Semana-do-Consumidor-–-Como-aumentar-minhas-vendas-no-Instagram.-300x225.jpg]
[www.marketingcentral.com.br/o-que-e-marketing-digital-e-para-que-serve/index.html]
[www.marketingcentral.com.br/wp-content/uploads/2021/11/o-que-e-marketing-digital-e-para-que-serve2-300x225.jpg]
[www.marketingcentral.com.br/wp-content/uploads/2021/10/vendasfix.jpg]
[www.marketingcentral.com.br/wp-content/uploads/2021/10/jupar2.jpg]
[www.marketingcentral.com.br/wp-content/uploads/2021/10/mandalog.jpg]
[www.marketingcentral.com.br/wp-content/uploads/2021/10/mdl.jpg]
[www.marketingcentral.com.br/wp-content/uploads/2021/10/uniservice.jpg]
[www.marketingcentral.com.br/wp-content/uploads/2021/10/sushiclub.jpg]
[www.marketingcentral.com.br/wp-content/uploads/2021/10/teschispa.jpg]
[www.marketingcentral.com.br/wp-content/uploads/2021/10/kadore.jpg]
[www.marketingcentral.com.br/wp-content/uploads/2021/10/investidor.jpg]
[www.marketingcentral.com.br/wp-content/uploads/2021/10/psykle.jpg]
[www.marketingcentral.com.br/wp-content/uploads/2021/10/fixgalpao.jpg]
[www.marketingcentral.com.br/wp-content/uploads/2021/10/evolucao-metalica.jpg]
[www.marketingcentral.com.br/wp-content/themes/pdseo/images/animated/subscr-gear.png]
[www.marketingcentral.com.br/wp-content/themes/pdseo/images/animated/subscr1.png]
[www.marketingcentral.com.br/wp-content/themes/pdseo/images/animated/subscr-mailopen.png]
[www.marketingcentral.com.br/wp-content/plugins/revslider/public/assets/fonts/revicons/revicons90c6.woff]
[www.marketingcentral.com.br/wp-content/plugins/revslider/public/assets/fonts/font-awesome/fonts/fontawesome-webfont3e6e.woff2]
[www.google.com/recaptcha/api95fb.js]
[www.marketingcentral.com.br/wp-includes/js/dist/vendor/wp-polyfill.min2c7c.js]
[www.marketingcentral.com.br/wp-content/plugins/dethemekit-for-elementor/assets/js/lib/jsticky/jquery.jstickyf488.js]
[www.marketingcentral.com.br/wp-content/plugins/wp-rocket/assets/js/lazyload/16.1/lazyload.min.js]
[www.marketingcentral.com.br/index.html]
[www.marketingcentral.com.br/xmlrpc.php]
[www.googletagmanager.com/gtm5445.html]
[www.marketingcentral.com.br/wp-content/cache/min/1/298110aa6c270b349765d69ada80d532.js]
[www.marketingcentral.com.br/wp-content/plugins/kk-star-ratings/src/core/public/svg/inactive.svg]
[www.marketingcentral.com.br/wp-content/plugins/kk-star-ratings/src/core/public/svg/active.svg]
[www.marketingcentral.com.br/wp-content/plugins/kk-star-ratings/src/core/public/svg/selected.svg]
[www.marketingcentral.com.br/wp-content/plugins/elementor/assets/lib/font-awesome/fonts/fontawesome-webfont3e6e.eot]
[www.marketingcentral.com.br/wp-content/plugins/elementor/assets/lib/font-awesome/fonts/fontawesome-webfontd41d.eot]
[www.marketingcentral.com.br/wp-content/plugins/elementor/assets/lib/font-awesome/fonts/fontawesome-webfont3e6e.woff2]
[www.marketingcentral.com.br/wp-content/plugins/elementor/assets/lib/font-awesome/fonts/fontawesome-webfont3e6e.woff]
[www.marketingcentral.com.br/wp-content/plugins/elementor/assets/lib/font-awesome/fonts/fontawesome-webfont3e6e.ttf]
[www.marketingcentral.com.br/wp-content/plugins/elementor/assets/lib/font-awesome/fonts/fontawesome-webfont3e6e.svg]
[www.marketingcentral.com.br/wp-content/plugins/dethemekit-for-elementor/assets/fonts/Simple-Line-Iconsb26c.eot]
[www.marketingcentral.com.br/wp-content/plugins/dethemekit-for-elementor/assets/fonts/Simple-Line-Iconsb26c.woff2]
[www.marketingcentral.com.br/wp-content/plugins/dethemekit-for-elementor/assets/fonts/Simple-Line-Iconsb26c.ttf]
[www.marketingcentral.com.br/wp-content/plugins/dethemekit-for-elementor/assets/fonts/Simple-Line-Iconsb26c.woff]
[www.marketingcentral.com.br/wp-content/plugins/dethemekit-for-elementor/assets/fonts/Simple-Line-Iconsb26c.svg]
[www.marketingcentral.com.br/wp-content/plugins/elementor/assets/lib/eicons/fonts/eiconsdc2c.eot]
[www.marketingcentral.com.br/wp-content/plugins/elementor/assets/lib/eicons/fonts/eiconsdc2c.woff2]
[www.marketingcentral.com.br/wp-content/plugins/elementor/assets/lib/eicons/fonts/eiconsdc2c.woff]
[www.marketingcentral.com.br/wp-content/plugins/elementor/assets/lib/eicons/fonts/eiconsdc2c.ttf]
[www.marketingcentral.com.br/wp-content/plugins/elementor/assets/lib/eicons/fonts/eiconsdc2c.svg]
[www.marketingcentral.com.br/wp-content/plugins/elementor/assets/lib/font-awesome/webfonts/fa-brands-400.eot]
[www.marketingcentral.com.br/wp-content/plugins/elementor/assets/lib/font-awesome/webfonts/fa-brands-400d41d.eot]
[www.marketingcentral.com.br/wp-content/plugins/elementor/assets/lib/font-awesome/webfonts/fa-brands-400.woff2]
[www.marketingcentral.com.br/wp-content/plugins/elementor/assets/lib/font-awesome/webfonts/fa-brands-400.woff]
[www.marketingcentral.com.br/wp-content/plugins/elementor/assets/lib/font-awesome/webfonts/fa-brands-400.ttf]
[www.marketingcentral.com.br/wp-content/plugins/elementor/assets/lib/font-awesome/webfonts/fa-brands-400.svg]
[www.marketingcentral.com.br/wp-content/plugins/elementor/assets/lib/font-awesome/webfonts/fa-regular-400.eot]
[www.marketingcentral.com.br/wp-content/plugins/elementor/assets/lib/font-awesome/webfonts/fa-regular-400d41d.eot]
[www.marketingcentral.com.br/wp-content/plugins/elementor/assets/lib/font-awesome/webfonts/fa-regular-400.woff2]
[www.marketingcentral.com.br/wp-content/plugins/elementor/assets/lib/font-awesome/webfonts/fa-regular-400.woff]
[www.marketingcentral.com.br/wp-content/plugins/elementor/assets/lib/font-awesome/webfonts/fa-regular-400.ttf]
[www.marketingcentral.com.br/wp-content/plugins/elementor/assets/lib/font-awesome/webfonts/fa-regular-400.svg]
[www.marketingcentral.com.br/wp-content/plugins/elementor/assets/lib/font-awesome/webfonts/fa-solid-900.eot]
[www.marketingcentral.com.br/wp-content/plugins/elementor/assets/lib/font-awesome/webfonts/fa-solid-900d41d.eot]
[www.marketingcentral.com.br/wp-content/plugins/elementor/assets/lib/font-awesome/webfonts/fa-solid-900.woff2]
[www.marketingcentral.com.br/wp-content/plugins/elementor/assets/lib/font-awesome/webfonts/fa-solid-900.woff]
[www.marketingcentral.com.br/wp-content/plugins/elementor/assets/lib/font-awesome/webfonts/fa-solid-900.svg]
[www.marketingcentral.com.br/wp-content/plugins/elementor/assets/lib/font-awesome/webfonts/fa-solid-900.ttf]
[www.marketingcentral.com.br/wp-content/themes/pdseo/img/bg-boxed-dark.jpg]
[www.marketingcentral.com.br/wp-content/themes/pdseo/img/bg-boxed-light.jpg]
[www.marketingcentral.com.br/wp-content/themes/pdseo/img/bg-boxed-red.jpg]
[www.marketingcentral.com.br/wp-content/themes/pdseo/img/bg-boxed-primary.jpg]
[www.marketingcentral.com.br/wp-content/themes/pdseo/img/bg-boxed-black.jpg]
[www.marketingcentral.com.br/wp-content/themes/pdseo/img/bg-boxed-blue.jpg]
[www.marketingcentral.com.br/wp-content/themes/pdseo/img/pattern-bg-blue.jpg]
[www.marketingcentral.com.br/wp-content/themes/pdseo/img/pattern-bg-gray.jpg]
[www.marketingcentral.com.br/wp-content/themes/pdseo/img/pattern-bg-lightblue.jpg]
[www.marketingcentral.com.br/wp-content/themes/pdseo/img/pattern-bg-violet.jpg]
[www.marketingcentral.com.br/wp-content/themes/pdseo/img/pattern-bg-lightgray.jpg]
[www.marketingcentral.com.br/wp-content/themes/pdseo/img/pattern-bg-breez.jpg]
[www.marketingcentral.com.br/wp-content/themes/pdseo/img/pattern-bg-red.jpg]
[www.marketingcentral.com.br/wp-content/themes/pdseo/img/pattern-bg-orange.jpg]
[www.marketingcentral.com.br/wp-content/themes/pdseo/img/pattern-bg-green.jpg]
[www.marketingcentral.com.br/wp-content/themes/pdseo/img/pattern-bg-olive.jpg]
[www.marketingcentral.com.br/wp-content/themes/pdseo/img/pattern-bg-brown.jpg]
[www.marketingcentral.com.br/wp-content/themes/pdseo/img/pattern-bg-rose.jpg]
[www.marketingcentral.com.br/wp-content/themes/pdseo/img/pattern-bg-lightviolet.jpg]
[www.marketingcentral.com.br/wp-content/themes/pdseo/img/pattern-bg-lime.jpg]
[www.marketingcentral.com.br/wp-content/themes/pdseo/img/404-img.png]
[www.marketingcentral.com.br/wp-content/themes/pdseo/svg/load-more-arrow.svg]
[www.marketingcentral.com.br/wp-content/themes/pdseo/img/avatar-bg.png]
[www.marketingcentral.com.br/wp-content/themes/pdseo/fonts/seosight.ttf]
[www.marketingcentral.com.br/wp-content/themes/pdseo/fonts/seosight.woff]
[www.marketingcentral.com.br/wp-content/themes/pdseo/fonts/seosight.svg]
[www.marketingcentral.com.br/wp-content/plugins/elementor-seosight/assets/fonts/seotheme.eot]
[www.marketingcentral.com.br/wp-content/plugins/elementor-seosight/assets/fonts/seothemed41d.eot]
[www.marketingcentral.com.br/wp-content/plugins/elementor-seosight/assets/fonts/seotheme.woff2]
[www.marketingcentral.com.br/wp-content/plugins/elementor-seosight/assets/fonts/seotheme.woff]
[www.marketingcentral.com.br/wp-content/plugins/elementor-seosight/assets/fonts/seotheme.ttf]
[www.marketingcentral.com.br/wp-content/plugins/elementor-seosight/assets/fonts/seotheme.svg]
[www.marketingcentral.com.br/wp-content/themes/pdseo/fonts/Nunito/Nunito-Light.eot]
[www.marketingcentral.com.br/wp-content/themes/pdseo/fonts/Nunito/Nunito-Lightd41d.eot]
[www.marketingcentral.com.br/wp-content/themes/pdseo/fonts/Nunito/Nunito-Light.woff2]
[www.marketingcentral.com.br/wp-content/themes/pdseo/fonts/Nunito/Nunito-Light.woff]
[www.marketingcentral.com.br/wp-content/themes/pdseo/fonts/Nunito/Nunito-ExtraLight.eot]
[www.marketingcentral.com.br/wp-content/themes/pdseo/fonts/Nunito/Nunito-Light.ttf]
[www.marketingcentral.com.br/wp-content/themes/pdseo/fonts/Nunito/Nunito-ExtraLightd41d.eot]
[www.marketingcentral.com.br/wp-content/themes/pdseo/fonts/Nunito/Nunito-ExtraLight.woff2]
[www.marketingcentral.com.br/wp-content/themes/pdseo/fonts/Nunito/Nunito-ExtraLight.woff]
[www.marketingcentral.com.br/wp-content/themes/pdseo/fonts/Nunito/Nunito-ExtraLight.ttf]
[www.marketingcentral.com.br/wp-content/themes/pdseo/fonts/Nunito/Nunito-BlackItalic.eot]
[www.marketingcentral.com.br/wp-content/themes/pdseo/fonts/Nunito/Nunito-BlackItalicd41d.eot]
[www.marketingcentral.com.br/wp-content/themes/pdseo/fonts/Nunito/Nunito-BlackItalic.woff2]
[www.marketingcentral.com.br/wp-content/themes/pdseo/fonts/Nunito/Nunito-BlackItalic.woff]
[www.marketingcentral.com.br/wp-content/themes/pdseo/fonts/Nunito/Nunito-BlackItalic.ttf]
[www.marketingcentral.com.br/wp-content/themes/pdseo/fonts/Nunito/Nunito-SemiBold.eot]
[www.marketingcentral.com.br/wp-content/themes/pdseo/fonts/Nunito/Nunito-SemiBoldd41d.eot]
[www.marketingcentral.com.br/wp-content/themes/pdseo/fonts/Nunito/Nunito-SemiBold.woff2]
[www.marketingcentral.com.br/wp-content/themes/pdseo/fonts/Nunito/Nunito-SemiBold.woff]
[www.marketingcentral.com.br/wp-content/themes/pdseo/fonts/Nunito/Nunito-SemiBold.ttf]
[www.marketingcentral.com.br/wp-content/themes/pdseo/fonts/Nunito/Nunito-ExtraLightItalic.eot]
[www.marketingcentral.com.br/wp-content/themes/pdseo/fonts/Nunito/Nunito-ExtraLightItalicd41d.eot]
[www.marketingcentral.com.br/wp-content/themes/pdseo/fonts/Nunito/Nunito-ExtraLightItalic.woff2]
[www.marketingcentral.com.br/wp-content/themes/pdseo/fonts/Nunito/Nunito-ExtraLightItalic.woff]
[www.marketingcentral.com.br/wp-content/themes/pdseo/fonts/Nunito/Nunito-ExtraLightItalic.ttf]
[www.marketingcentral.com.br/wp-content/themes/pdseo/fonts/Nunito/Nunito-Regular.eot]
[www.marketingcentral.com.br/wp-content/themes/pdseo/fonts/Nunito/Nunito-Regulard41d.eot]
[www.marketingcentral.com.br/wp-content/themes/pdseo/fonts/Nunito/Nunito-Regular.woff2]
[www.marketingcentral.com.br/wp-content/themes/pdseo/fonts/Nunito/Nunito-Regular.woff]
[www.marketingcentral.com.br/wp-content/themes/pdseo/fonts/Nunito/Nunito-Regular.ttf]
[www.marketingcentral.com.br/wp-content/themes/pdseo/fonts/Nunito/Nunito-Black.eot]
[www.marketingcentral.com.br/wp-content/themes/pdseo/fonts/Nunito/Nunito-Blackd41d.eot]
[www.marketingcentral.com.br/wp-content/themes/pdseo/fonts/Nunito/Nunito-Black.woff2]
[www.marketingcentral.com.br/wp-content/themes/pdseo/fonts/Nunito/Nunito-Black.woff]
[www.marketingcentral.com.br/wp-content/themes/pdseo/fonts/Nunito/Nunito-Black.ttf]
[www.marketingcentral.com.br/wp-content/themes/pdseo/fonts/Nunito/Nunito-Italic.eot]
[www.marketingcentral.com.br/wp-content/themes/pdseo/fonts/Nunito/Nunito-Italicd41d.eot]
[www.marketingcentral.com.br/wp-content/themes/pdseo/fonts/Nunito/Nunito-Italic.woff2]
[www.marketingcentral.com.br/wp-content/themes/pdseo/fonts/Nunito/Nunito-Italic.woff]
[www.marketingcentral.com.br/wp-content/themes/pdseo/fonts/Nunito/Nunito-Italic.ttf]
[www.marketingcentral.com.br/wp-content/themes/pdseo/fonts/Nunito/Nunito-ExtraBold.eot]
[www.marketingcentral.com.br/wp-content/themes/pdseo/fonts/Nunito/Nunito-ExtraBoldd41d.eot]
[www.marketingcentral.com.br/wp-content/themes/pdseo/fonts/Nunito/Nunito-ExtraBold.woff2]
[www.marketingcentral.com.br/wp-content/themes/pdseo/fonts/Nunito/Nunito-ExtraBold.woff]
[www.marketingcentral.com.br/wp-content/themes/pdseo/fonts/Nunito/Nunito-ExtraBold.ttf]
[www.marketingcentral.com.br/wp-content/themes/pdseo/fonts/Nunito/Nunito-SemiBoldItalic.eot]
[www.marketingcentral.com.br/wp-content/themes/pdseo/fonts/Nunito/Nunito-SemiBoldItalicd41d.eot]
[www.marketingcentral.com.br/wp-content/themes/pdseo/fonts/Nunito/Nunito-SemiBoldItalic.woff2]
[www.marketingcentral.com.br/wp-content/themes/pdseo/fonts/Nunito/Nunito-SemiBoldItalic.woff]
[www.marketingcentral.com.br/wp-content/themes/pdseo/fonts/Nunito/Nunito-SemiBoldItalic.ttf]
[www.marketingcentral.com.br/wp-content/themes/pdseo/fonts/Nunito/Nunito-LightItalic.eot]
[www.marketingcentral.com.br/wp-content/themes/pdseo/fonts/Nunito/Nunito-LightItalicd41d.eot]
[www.marketingcentral.com.br/wp-content/themes/pdseo/fonts/Nunito/Nunito-LightItalic.woff2]
[www.marketingcentral.com.br/wp-content/themes/pdseo/fonts/Nunito/Nunito-LightItalic.woff]
[www.marketingcentral.com.br/wp-content/themes/pdseo/fonts/Nunito/Nunito-LightItalic.ttf]
[www.marketingcentral.com.br/wp-content/themes/pdseo/fonts/Nunito/Nunito-ExtraBoldItalic.eot]
[www.marketingcentral.com.br/wp-content/themes/pdseo/fonts/Nunito/Nunito-ExtraBoldItalicd41d.eot]
[www.marketingcentral.com.br/wp-content/themes/pdseo/fonts/Nunito/Nunito-ExtraBoldItalic.woff2]
[www.marketingcentral.com.br/wp-content/themes/pdseo/fonts/Nunito/Nunito-ExtraBoldItalic.woff]
[www.marketingcentral.com.br/wp-content/themes/pdseo/fonts/Nunito/Nunito-ExtraBoldItalic.ttf]
[www.marketingcentral.com.br/wp-content/themes/pdseo/fonts/Nunito/Nunito-BoldItalic.eot]
[www.marketingcentral.com.br/wp-content/themes/pdseo/fonts/Nunito/Nunito-BoldItalicd41d.eot]
[www.marketingcentral.com.br/wp-content/themes/pdseo/fonts/Nunito/Nunito-BoldItalic.woff2]
[www.marketingcentral.com.br/wp-content/themes/pdseo/fonts/Nunito/Nunito-BoldItalic.woff]
[www.marketingcentral.com.br/wp-content/themes/pdseo/fonts/Nunito/Nunito-BoldItalic.ttf]
[www.marketingcentral.com.br/wp-content/themes/pdseo/fonts/Nunito/Nunito-Bold.eot]
[www.marketingcentral.com.br/wp-content/themes/pdseo/fonts/Nunito/Nunito-Boldd41d.eot]
[www.marketingcentral.com.br/wp-content/themes/pdseo/fonts/Nunito/Nunito-Bold.woff2]
[www.marketingcentral.com.br/wp-content/themes/pdseo/fonts/Nunito/Nunito-Bold.woff]
[www.marketingcentral.com.br/wp-content/themes/pdseo/fonts/Nunito/Nunito-Bold.ttf]
[www.marketingcentral.com.br/wp-content/plugins/revslider/public/assets/fonts/font-awesome/fonts/fontawesome-webfont3e6e.eot]
[www.marketingcentral.com.br/wp-content/plugins/revslider/public/assets/fonts/font-awesome/fonts/fontawesome-webfontd41d.eot]
[www.marketingcentral.com.br/wp-content/plugins/revslider/public/assets/fonts/font-awesome/fonts/fontawesome-webfont3e6e.woff]
[www.marketingcentral.com.br/wp-content/plugins/revslider/public/assets/fonts/font-awesome/fonts/fontawesome-webfont3e6e.ttf]
[www.marketingcentral.com.br/wp-content/plugins/revslider/public/assets/fonts/font-awesome/fonts/fontawesome-webfont3e6e.svg]
[www.marketingcentral.com.br/wp-content/plugins/revslider/public/assets/fonts/revicons/revicons90c6.eot]
[www.marketingcentral.com.br/wp-content/plugins/revslider/public/assets/fonts/revicons/revicons90c6.ttf]
[www.marketingcentral.com.br/wp-content/plugins/revslider/public/assets/fonts/revicons/revicons90c6.svg]
[www.marketingcentral.com.br/wp-content/plugins/revslider/public/assets/assets/gridtile.png]
[www.marketingcentral.com.br/wp-content/plugins/revslider/public/assets/assets/gridtile_white.png]
[www.marketingcentral.com.br/wp-content/plugins/revslider/public/assets/assets/gridtile_3x3.png]
[www.marketingcentral.com.br/wp-content/plugins/revslider/public/assets/assets/gridtile_3x3_white.png]
[www.marketingcentral.com.br/wp-content/plugins/revslider/public/assets/assets/coloredbg.png]
[www.marketingcentral.com.br/wp-content/plugins/revslider/public/assets/assets/loader.gif]
[www.marketingcentral.com.br/wp-content/cache/min/1/dcd7da0e0f05f28c72029a7c37ffcaf9.css]
[www.marketingcentral.com.br/feed/index.html]
[www.marketingcentral.com.br/comments/feed/index.html]
[www.marketingcentral.com.br/wp-json/index.html]
[www.marketingcentral.com.br/wp-content/themes/pdseo/svg/socials/whatsapp.svg]
[www.marketingcentral.com.br/wp-content/themes/pdseo/svg/socials/facebook.svg]
[www.marketingcentral.com.br/wp-content/themes/pdseo/svg/socials/instagram.svg]
[www.marketingcentral.com.br/wp-content/uploads/2021/10/agencia-para-posicionamento-no-google-seo-img2.jpg]
[www.marketingcentral.com.br/wp-content/cache/min/1/99f0bf163e128a94e83b940e9d503fb9.css]
[www.marketingcentral.com.br/wp-json/wp/v2/pages/2718.json]
[www.marketingcentral.com.br/wp-json/oembed/1.0/embed88a6.json]
[www.marketingcentral.com.br/wp-json/oembed/1.0/embed0445]
[www.marketingcentral.com.br/agencia-para-posicionamento-no-google-seo/index.html]
[www.marketingcentral.com.br/wp-content/cache/min/1/34e98d135d62c647106cece109b3f13e.js]
[www.marketingcentral.com.br/wp-content/cache/min/1/83d7af14b6846c500f6ce1fcb0683933.css]
[www.marketingcentral.com.br/wp-content/uploads/2021/10/agencia-para-gerenciamento-de-campanhas-no-google-adwords-img1.jpg]
[www.marketingcentral.com.br/wp-json/wp/v2/pages/2711.json]
[www.marketingcentral.com.br/wp-json/oembed/1.0/embedf918.json]
[www.marketingcentral.com.br/agencia-para-gerenciamento-de-campanhas-no-google-adwords/index.html]
[www.marketingcentral.com.br/wp-json/oembed/1.0/embedde16]
[www.marketingcentral.com.br/wp-content/cache/min/1/a42e25a5add30e526c1c831cb7e3b75f.css]
[www.marketingcentral.com.br/wp-content/uploads/2021/10/agencia-para-gerenciamento-de-social-media-img2.jpg]
[www.marketingcentral.com.br/wp-json/wp/v2/pages/2760.json]
[www.marketingcentral.com.br/wp-json/oembed/1.0/embed712e.json]
[www.marketingcentral.com.br/wp-json/oembed/1.0/embed139d]
[www.marketingcentral.com.br/wp-content/uploads/2021/10/agencia-para-gerenciamento-de-social-media-img3.jpg]
[www.marketingcentral.com.br/agencia-para-gerenciamento-de-social-media/index.html]
[www.marketingcentral.com.br/wp-content/cache/min/1/c87df8e70ecabb0267c394fe517461db.css]
[www.marketingcentral.com.br/wp-json/wp/v2/pages/2732.json]
[www.marketingcentral.com.br/wp-json/oembed/1.0/embed8fda.json]
[www.marketingcentral.com.br/wp-json/oembed/1.0/embed34f3]
[www.marketingcentral.com.br/wp-content/uploads/2021/10/promocao-2-por-1.png]
[www.marketingcentral.com.br/wp-content/uploads/2021/10/DIA_do_vendedor.png]
[www.marketingcentral.com.br/wp-content/uploads/2021/10/arte2.png]
[www.marketingcentral.com.br/wp-content/uploads/2021/10/arte_003.png]
[www.marketingcentral.com.br/wp-content/uploads/2021/10/arte_002.png]
[www.marketingcentral.com.br/wp-content/uploads/2021/10/amandalog.png]
[www.marketingcentral.com.br/criacao-de-artes-pecas-de-e-mail-marketing-e-logotipos/index.html]
[www.marketingcentral.com.br/wp-content/cache/min/1/e15105d13ddabdab720bfaaefc844ca1.js]
[www.marketingcentral.com.br/wp-content/cache/min/1/16fb0c0c7a391e8d3ff6c777fb91c81e.css]
[www.marketingcentral.com.br/wp-json/wp/v2/pages/2769.json]
[www.marketingcentral.com.br/wp-json/oembed/1.0/embed1fc5.json]
[www.marketingcentral.com.br/consultoria-digital/index.html]
[www.marketingcentral.com.br/wp-json/oembed/1.0/embed5da2]
[www.marketingcentral.com.br/wp-content/cache/min/1/a4b17328fd4dd97acb7f06856182d263.css]
[www.marketingcentral.com.br/wp-json/wp/v2/pages/2749.json]
[www.marketingcentral.com.br/wp-json/oembed/1.0/embed1cb3.json]
[www.marketingcentral.com.br/envio-de-e-mail-marketing/index.html]
[www.marketingcentral.com.br/wp-json/oembed/1.0/embed5a3a]
[www.marketingcentral.com.br/wp-content/cache/min/1/bcf257d1ee218cdd99fc2c53ce350fbe.css]
[www.marketingcentral.com.br/wp-json/wp/v2/pages/2744.json]
[www.marketingcentral.com.br/wp-json/oembed/1.0/embed6233.json]
[www.marketingcentral.com.br/google-meu-negocio-ou-google-my-business/index.html]
[www.marketingcentral.com.br/wp-json/oembed/1.0/embed0c5f]
[www.marketingcentral.com.br/wp-json/wp/v2/pages/2739.json]
[www.marketingcentral.com.br/wp-content/cache/min/1/0598418d8695278ae314c2d921b022ad.css]
[www.marketingcentral.com.br/wp-json/oembed/1.0/embed4e43.json]
[www.marketingcentral.com.br/inbound-marketing-tambem-conhecido-como-marketing-de-conteudo/index.html]
[www.marketingcentral.com.br/wp-json/oembed/1.0/embede4f7]
[www.marketingcentral.com.br/wp-content/uploads/2021/10/agencia-para-criacao-de-sites-blog-e-lojas-virtuais-img1.jpg]
[www.marketingcentral.com.br/wp-content/cache/min/1/f07567d90a035b9dd7b1ea20b003e050.css]
[www.marketingcentral.com.br/wp-json/wp/v2/pages/2685.json]
[www.marketingcentral.com.br/wp-json/oembed/1.0/embeda1d1.json]
[www.marketingcentral.com.br/wp-json/oembed/1.0/embed091d]
[www.marketingcentral.com.br/wp-content/uploads/2021/10/sites-responsivos-e-dinamicos-img1.jpg]
[www.marketingcentral.com.br/agencia-para-criacao-de-sites-blog-e-lojas-virtuais/index.html]
[www.marketingcentral.com.br/wp-content/cache/min/1/2322600f4ca971b93afaf759b3f50f24.css]
[www.marketingcentral.com.br/wp-content/uploads/2021/10/vendasfix4.jpg]
[www.marketingcentral.com.br/wp-json/wp/v2/pages/2693.json]
[www.marketingcentral.com.br/wp-json/oembed/1.0/embedc4ca.json]
[www.marketingcentral.com.br/wp-json/oembed/1.0/embedc3d4]
[www.marketingcentral.com.br/criacao-de-loja-virtual/index.html]
[www.marketingcentral.com.br/wp-content/cache/min/1/e9dc9c9cd9056a1fb576f8a7e7c2e1a5.js]
[www.marketingcentral.com.br/wp-content/cache/min/1/0929e55ef5e3e0f8de0f59d86a9f9935.css]
[www.marketingcentral.com.br/wp-json/wp/v2/pages/2704.json]
[www.marketingcentral.com.br/wp-json/oembed/1.0/embedf2e5.json]
[www.marketingcentral.com.br/wp-json/oembed/1.0/embedfb54]
[www.marketingcentral.com.br/wp-content/uploads/2021/10/criacao-de-aplicativo-img1.jpg]
[www.marketingcentral.com.br/criacao-de-aplicativo/index.html]
[www.marketingcentral.com.br/wp-content/uploads/2021/10/porgramador_php_capa.webp]
[www.marketingcentral.com.br/wp-content/cache/min/1/385d7d38839a7cf6356f165439108c23.css]
[www.marketingcentral.com.br/wp-json/wp/v2/pages/2679.json]
[www.marketingcentral.com.br/wp-json/oembed/1.0/embed7e78.json]
[www.marketingcentral.com.br/agencia-de-desenvolvimento-em-php/index.html]
[www.marketingcentral.com.br/wp-json/oembed/1.0/embed6920]
[www.marketingcentral.com.br/wp-content/themes/pdseo/images/bg-6.png]
[www.marketingcentral.com.br/wp-content/cache/min/1/2a86fd00ff4c5580f05a5abb9dc8cb4d.css]
[www.marketingcentral.com.br/wp-content/themes/pdseo/images/bg-18.png]
[www.marketingcentral.com.br/wp-json/wp/v2/pages/2027.json]
[www.marketingcentral.com.br/wp-json/oembed/1.0/embed3e8c.json]
[www.marketingcentral.com.br/wp-json/oembed/1.0/embed936f]
[www.marketingcentral.com.br/project/fix-galpao/index.html]
[www.marketingcentral.com.br/wp-content/uploads/2021/10/fix-galpao-case1-300x225.jpg]
[www.marketingcentral.com.br/portfolio/seo-works/index.html]
[www.marketingcentral.com.br/wp-content/uploads/2022/02/Navac-Tintas-case-300x225.jpg]
[www.marketingcentral.com.br/project/navac-tintas/index.html]
[www.marketingcentral.com.br/project/imoveis-mw/index.html]
[www.marketingcentral.com.br/wp-content/uploads/2022/02/imovei-mw-case-300x225.jpg]
[www.marketingcentral.com.br/project/sos-construtora/index.html]
[www.marketingcentral.com.br/wp-content/uploads/2022/02/sos-construtora-case-300x225.jpg]
[www.marketingcentral.com.br/project/banco-ica/index.html]
[www.marketingcentral.com.br/wp-content/uploads/2022/02/banco-ica-case-300x225.jpg]
[www.marketingcentral.com.br/project/evolucao-metalica/index.html]
[www.marketingcentral.com.br/wp-content/uploads/2021/10/evolucao-metalica-case1-300x225.jpg]
[www.marketingcentral.com.br/project/investidor-imbativel/index.html]
[www.marketingcentral.com.br/wp-content/uploads/2021/10/Investidor-imbativel-case1-300x225.jpg]
[www.marketingcentral.com.br/project/jupar/index.html]
[www.marketingcentral.com.br/wp-content/uploads/2021/10/Jupar-case20-300x225.jpg]
[www.marketingcentral.com.br/project/uniservice-implementos/index.html]
[www.marketingcentral.com.br/wp-content/uploads/2021/10/case-uniservice4-300x225.jpg]
[www.marketingcentral.com.br/portfolio/social-media/index.html]
[www.marketingcentral.com.br/project/loja-jupar/index.html]
[www.marketingcentral.com.br/wp-content/uploads/2021/10/Loja-Jupar-case10-300x225.jpg]
[www.marketingcentral.com.br/project/mdl-locacoes/index.html]
[www.marketingcentral.com.br/wp-content/uploads/2021/10/mdl-locacoes-case-10-300x225.webp]
[www.marketingcentral.com.br/project/mandalog/index.html]
[www.marketingcentral.com.br/wp-content/uploads/2021/10/mandalog-case5-300x225.jpg]
[www.marketingcentral.com.br/wp-content/uploads/2016/11/vendasfix-case-300x225.jpg]
[www.marketingcentral.com.br/project/vendas-fix/index.html]
[www.marketingcentral.com.br/portfolio/email-marketing/index.html]
[www.marketingcentral.com.br/portfolio/marketing-360/index.html]
[www.marketingcentral.com.br/cases/index.html]
[www.marketingcentral.com.br/2021/blog/index.html]
[www.marketingcentral.com.br/cdn-cgi/l/email-protection.html]
[www.marketingcentral.com.br/wp-content/uploads/2021/10/criacao-de-sites.svg]
[www.marketingcentral.com.br/wp-content/uploads/2021/10/criacao-de-loja-virtual.svg]
[www.marketingcentral.com.br/wp-content/uploads/2021/10/seo-sei-site-na-primeira-pagina-do-google.svg]
[www.marketingcentral.com.br/wp-content/uploads/2021/10/adwords-anuncios-na-primeira-pagina.svg]
[www.marketingcentral.com.br/wp-content/uploads/2021/10/gerenciamento-de-redes-social-media.svg]
[www.marketingcentral.com.br/wp-content/plugins/elementor-seosight/assets/images/video-control.svg]
[www.marketingcentral.com.br/wp-content/uploads/2020/01/darts_dart_target_spear_game_sport_competition_presentation_goals_aim.svg]
[www.marketingcentral.com.br/wp-content/uploads/2020/01/strategy_plan_management.svg]
[www.marketingcentral.com.br/wp-content/uploads/2020/01/robot_artificial_intelligence_ai_science.svg]
[www.marketingcentral.com.br/wp-content/uploads/2020/01/analytics_chart_stats_statistics_6.svg]
[www.marketingcentral.com.br/wp-content/cache/min/1/38d1e0c513aedf6f41c1a61ab91fe9c7.js]
[www.marketingcentral.com.br/blog/index.html]
[www.marketingcentral.com.br/wp-content/cache/min/1/ec3468686ce5ecfe07f9b120d0177518.css]
[www.marketingcentral.com.br/wp-content/uploads/2022/08/seplanejados-cases.jpg]
[www.marketingcentral.com.br/wp-json/wp/v2/fw-portfolio/4593.json]
[www.marketingcentral.com.br/wp-json/oembed/1.0/embeddf71.json]
[www.marketingcentral.com.br/wp-json/oembed/1.0/embed007b]
[www.marketingcentral.com.br/wp-content/uploads/2022/08/seplanejados-cases-768x473.jpg]
[www.marketingcentral.com.br/wp-content/uploads/2022/08/se-planejados-page3.jpg]
[www.marketingcentral.com.br/wp-content/uploads/2022/08/se-planejados-page2.jpg]
[www.marketingcentral.com.br/wp-content/uploads/2022/08/se-planejados-page1.jpg]
[www.marketingcentral.com.br/wp-content/uploads/2016/11/rocketstools-animate3.gif]
[www.marketingcentral.com.br/wp-content/uploads/2021/10/jupar-gtmetrix.jpg]
[www.marketingcentral.com.br/project/se-planejados/index.html]
[www.marketingcentral.com.br/wp-content/cache/min/1/782888f794e009bb4ed0e0ccfbf93d55.css]
[www.marketingcentral.com.br/wp-json/wp/v2/fw-portfolio-category/70.json]
[www.marketingcentral.com.br/portfolio/site-institucional/index.html]
[www.marketingcentral.com.br/wp-content/cache/min/1/7190177b5a2c75718b490bcd0e4d009c.js]
[www.marketingcentral.com.br/wp-content/cache/min/1/9d1e7025e482d25c74e75c8cfae63ef7.css]
[www.marketingcentral.com.br/wp-content/uploads/2021/10/psykle-cases.jpg]
[www.marketingcentral.com.br/wp-json/wp/v2/fw-portfolio/4055.json]
[www.marketingcentral.com.br/wp-json/oembed/1.0/embedf933.json]
[www.marketingcentral.com.br/wp-json/oembed/1.0/embed26a8]
[www.marketingcentral.com.br/wp-content/uploads/2021/10/psykle-cases-768x473.jpg]
[www.marketingcentral.com.br/wp-content/uploads/2021/10/psykle-page2-1.jpg]
[www.marketingcentral.com.br/wp-content/uploads/2021/10/psykle-page3-1.jpg]
[www.marketingcentral.com.br/wp-content/uploads/2021/10/psykle-page1-1.jpg]
[www.marketingcentral.com.br/wp-content/uploads/2016/11/painel-admin.jpg]
[www.marketingcentral.com.br/wp-content/uploads/2021/10/psykle-gtmetrix.jpg]
[www.marketingcentral.com.br/wp-content/uploads/2021/10/WhatsApp-Image-2021-10-18-at-13.03.22.jpg]
[www.marketingcentral.com.br/wp-content/uploads/2021/10/WhatsApp-Image-2021-10-18-at-13.03.22-300x300.jpg]
[www.marketingcentral.com.br/wp-content/uploads/2021/10/WhatsApp-Image-2021-10-18-at-13.03.24.jpg]
[www.marketingcentral.com.br/wp-content/uploads/2021/10/WhatsApp-Image-2021-10-18-at-13.03.24-300x300.jpg]
[www.marketingcentral.com.br/wp-content/uploads/2021/10/WhatsApp-Image-2021-10-18-at-13.03.23.jpg]
[www.marketingcentral.com.br/wp-content/uploads/2021/10/WhatsApp-Image-2021-10-18-at-13.03.23-300x300.jpg]
[www.marketingcentral.com.br/wp-content/uploads/2021/10/WhatsApp-Image-2021-10-18-at-13.03.25.jpg]
[www.marketingcentral.com.br/wp-content/uploads/2021/10/WhatsApp-Image-2021-10-18-at-13.03.25-300x300.jpg]
[www.marketingcentral.com.br/project/psykle/index.html]
[www.marketingcentral.com.br/portfolio/google-adwords/index.html]
[www.marketingcentral.com.br/wp-json/wp/v2/fw-portfolio-category/71.json]
[www.marketingcentral.com.br/wp-content/uploads/2022/08/askle-cases.jpg]
[www.marketingcentral.com.br/wp-content/cache/min/1/b785c765fad5550cf7e495ac46013b67.css]
[www.marketingcentral.com.br/wp-json/wp/v2/fw-portfolio/4615.json]
[www.marketingcentral.com.br/wp-json/oembed/1.0/embed4f2b.json]
[www.marketingcentral.com.br/wp-json/oembed/1.0/embed93c3]
[www.marketingcentral.com.br/wp-content/uploads/2022/08/askle-cases-768x473.jpg]
[www.marketingcentral.com.br/wp-content/uploads/2022/08/askle-page2.jpg]
[www.marketingcentral.com.br/wp-content/uploads/2022/08/askle-page3.jpg]
[www.marketingcentral.com.br/wp-content/uploads/2022/08/askle-page1.jpg]
[www.marketingcentral.com.br/project/instituto-askle/index.html]
[www.marketingcentral.com.br/wp-content/cache/min/1/99307df2962966bcbddcc876e28b7acd.css]
[www.marketingcentral.com.br/wp-content/uploads/2022/08/askle-med-trabalho-cases.jpg]
[www.marketingcentral.com.br/wp-json/wp/v2/fw-portfolio/4629.json]
[www.marketingcentral.com.br/wp-json/oembed/1.0/embed2d10.json]
[www.marketingcentral.com.br/wp-json/oembed/1.0/embeda854]
[www.marketingcentral.com.br/wp-content/uploads/2022/08/askle-med-trabalho-cases-1-768x473.jpg]
[www.marketingcentral.com.br/wp-content/uploads/2022/08/askle-med-trabalho-page2.jpg]
[www.marketingcentral.com.br/wp-content/uploads/2022/08/askle-med-trabalho-page3.jpg]
[www.marketingcentral.com.br/wp-content/uploads/2022/08/askle-med-trabalho-page1.jpg]
[www.marketingcentral.com.br/project/askle-medicina-do-trabalho/index.html]
[www.marketingcentral.com.br/wp-content/uploads/2022/03/impactus-contabilidade.jpg]
[www.marketingcentral.com.br/wp-content/cache/min/1/c23206ac9081bb89226bace2daca4f65.css]
[www.marketingcentral.com.br/wp-json/wp/v2/fw-portfolio/4481.json]
[www.marketingcentral.com.br/wp-json/oembed/1.0/embed76e2.json]
[www.marketingcentral.com.br/wp-json/oembed/1.0/embed9de3]
[www.marketingcentral.com.br/wp-content/uploads/2022/03/impactus-contabilidade-768x473.jpg]
[www.marketingcentral.com.br/wp-content/uploads/2022/03/impactus-contabilidade-page3.jpg]
[www.marketingcentral.com.br/wp-content/uploads/2022/03/impactus-contabilidade-page2.jpg]
[www.marketingcentral.com.br/wp-content/uploads/2022/03/impactus-contabilidade-page1.jpg]
[www.marketingcentral.com.br/project/impactus-contabilidade/index.html]
[www.marketingcentral.com.br/wp-content/cache/min/1/0519ef62e716b4020907c2d52396f143.css]
[www.marketingcentral.com.br/wp-content/uploads/2022/02/sushi-club-case.jpg]
[www.marketingcentral.com.br/wp-json/wp/v2/fw-portfolio/4429.json]
[www.marketingcentral.com.br/wp-json/oembed/1.0/embed03d6.json]
[www.marketingcentral.com.br/wp-json/oembed/1.0/embed2649]
[www.marketingcentral.com.br/wp-content/uploads/2022/02/sushi-club-case-768x473.jpg]
[www.marketingcentral.com.br/wp-content/uploads/2022/02/sushi-club-page3.jpg]
[www.marketingcentral.com.br/wp-content/uploads/2022/02/sushi-club-page2.jpg]
[www.marketingcentral.com.br/wp-content/uploads/2022/02/sushi-club-page1.jpg]
[www.marketingcentral.com.br/project/sushi-club/index.html]
[www.marketingcentral.com.br/portfolio/loja-virtual/index.html]
[www.marketingcentral.com.br/wp-json/wp/v2/fw-portfolio-category/65.json]
[www.marketingcentral.com.br/wp-content/cache/min/1/abc865f9533273cdfa2301a5da5a2993.css]
[www.marketingcentral.com.br/wp-content/themes/pdseo/images/bg-13.png]
[www.marketingcentral.com.br/wp-json/wp/v2/pages/2060.json]
[www.marketingcentral.com.br/wp-json/oembed/1.0/embedc546.json]
[www.marketingcentral.com.br/wp-json/oembed/1.0/embede48a]
[www.marketingcentral.com.br/wp-content/uploads/2022/03/sem-resultados-nas-suas-acoes-digitais-inbound-marketing-a-atracao-do-cliente-para-pequenos-empreendedores-768x551.jpg]
[www.marketingcentral.com.br/wp-content/uploads/2022/03/se-a-sua-empresa-ainda-nao-tem-um-site-voce-esta-deixando-de-vender-768x551.jpg]
[www.marketingcentral.com.br/wp-content/uploads/2022/03/seo-entenda-a-importancia-dessa-ferramenta-estrategica-para-a-sua-empresa-768x556.jpg]
[www.marketingcentral.com.br/wp-content/uploads/2022/03/Como-conseguir-um-perfil-engajado3-768x551.jpg]
[www.marketingcentral.com.br/wp-content/uploads/2022/03/Semana-do-Consumidor-–-Como-aumentar-minhas-vendas-no-Instagram.-768x553.jpg]
[www.marketingcentral.com.br/wp-content/uploads/2021/11/o-que-e-marketing-digital-e-para-que-serve2-768x576.jpg]
[www.marketingcentral.com.br/blog/2/index.html]
[www.marketingcentral.com.br/category/app/index.html]
[www.marketingcentral.com.br/tag/dicas/index.html]
[www.marketingcentral.com.br/blog.html]
[www.marketingcentral.com.br/wp-content/cache/min/1/c9752372326d1378209b30e4a674b507.js]
[www.marketingcentral.com.br/wp-content/uploads/2022/03/sem-resultados-nas-suas-acoes-digitais-inbound-marketing-a-atracao-do-cliente-para-pequenos-empreendedores.jpg]
[www.marketingcentral.com.br/wp-content/cache/min/1/b6ad3a634e4575e275ce13c1cd5c090f.css]
[www.marketingcentral.com.br/wp-json/wp/v2/posts/4513.json]
[www.marketingcentral.com.br/wp-json/oembed/1.0/embedf2dd.json]
[www.marketingcentral.com.br/wp-json/oembed/1.0/embedb7f1]
[www.marketingcentral.com.br/wp-content/uploads/2022/03/sem-resultados-nas-suas-acoes-digitais-inbound-marketing-a-atracao-do-cliente-para-pequenos-empreendedores2.jpg]
[www.marketingcentral.com.br/wp-content/uploads/2022/03/sem-resultados-nas-suas-acoes-digitais-inbound-marketing-a-atracao-do-cliente-para-pequenos-empreendedores-300x215.jpg]
[www.marketingcentral.com.br/wp-content/themes/pdseo/svg/socials/twitter.svg]
[www.marketingcentral.com.br/wp-content/themes/pdseo/svg/socials/linkedin.svg]
[www.marketingcentral.com.br/wp-content/themes/pdseo/svg/socials/pinterest.svg]
[www.marketingcentral.com.br/wp-content/themes/pdseo/svg/socials/vk.svg]
[www.marketingcentral.com.br/wp-login19f3.html]
[www.marketingcentral.com.br/sem-resultados-nas-suas-acoes-digitais-inbound-marketing-a-atracao-do-cliente-para-pequenos-empreendedores/index.html]
[www.marketingcentral.com.br/wp-content/cache/min/1/1b6b7689bcf2b83eabe084b2cc5475b4.js]
[www.marketingcentral.com.br/wp-json/wp/v2/categories/64.json]
[www.marketingcentral.com.br/wp-content/uploads/2022/03/se-a-sua-empresa-ainda-nao-tem-um-site-voce-esta-deixando-de-vender.jpg]
[www.marketingcentral.com.br/category/programacao/index.html]
[www.marketingcentral.com.br/wp-content/cache/min/1/2ab8cd971f6fc2e883e9e1375cb20c8d.js]
[www.marketingcentral.com.br/wp-json/wp/v2/categories/61.json]
[www.marketingcentral.com.br/wp-content/uploads/2022/03/seo-entenda-a-importancia-dessa-ferramenta-estrategica-para-a-sua-empresa-1170x576.jpg]
[www.marketingcentral.com.br/wp-content/uploads/2022/03/Semana-do-Consumidor-–-Como-aumentar-minhas-vendas-no-Instagram..jpg]
[www.marketingcentral.com.br/wp-content/uploads/2021/11/o-que-e-marketing-digital-e-para-que-serve2-800x576.jpg]
[www.marketingcentral.com.br/wp-content/uploads/2021/10/marketing-digital-para-empreendedores10-800x576.jpg]
[www.marketingcentral.com.br/marketing-digital-para-empreendedores/index.html]
[www.marketingcentral.com.br/a-importancia-do-marketing-digital-para-o-seu-negocio/index.html]
[www.marketingcentral.com.br/wp-content/uploads/2021/10/a-importancia-do-marketing-digital-para-o-seu-negocio-capa3-800x576.jpg]
[www.marketingcentral.com.br/wp-content/uploads/2021/10/por-que-devo-terceirizar-o-marketing-da-minha-empresa-capa-800x576.jpg]
[www.marketingcentral.com.br/category/marketing-digital/index.html]
[www.marketingcentral.com.br/por-que-devo-terceirizar-o-marketing-da-minha-empresa/index.html]
[www.marketingcentral.com.br/wp-json/wp/v2/posts/4505.json]
[www.marketingcentral.com.br/wp-content/cache/min/1/6cd2cc1322f641b3ce4fad6563a2adeb.css]
[www.marketingcentral.com.br/wp-json/oembed/1.0/embed8ed3.json]
[www.marketingcentral.com.br/wp-json/oembed/1.0/embed459a]
[www.marketingcentral.com.br/wp-content/uploads/2022/03/se-a-sua-empresa-ainda-nao-tem-um-site-voce-esta-deixando-de-vender2.jpg]
[www.marketingcentral.com.br/wp-content/uploads/2022/03/se-a-sua-empresa-ainda-nao-tem-um-site-voce-esta-deixando-de-vender-300x215.jpg]
[www.marketingcentral.com.br/se-a-sua-empresa-ainda-nao-tem-um-site-voce-esta-deixando-de-vender/index.html]
[www.marketingcentral.com.br/wp-loginbd16.html]
[www.marketingcentral.com.br/wp-content/uploads/2022/03/seo-entenda-a-importancia-dessa-ferramenta-estrategica-para-a-sua-empresa-1024x741.jpg]
[www.marketingcentral.com.br/wp-content/cache/min/1/75b780b998a73f427fbb207dcbea7114.css]
[www.marketingcentral.com.br/wp-json/wp/v2/posts/4491.json]
[www.marketingcentral.com.br/wp-json/oembed/1.0/embed97de.json]
[www.marketingcentral.com.br/wp-json/oembed/1.0/embedce20]
[www.marketingcentral.com.br/wp-content/uploads/2022/03/seo-entenda-a-importancia-dessa-ferramenta-estrategica-para-a-sua-empresa-300x217.jpg]
[www.marketingcentral.com.br/seo-entenda-a-importancia-dessa-ferramenta-estrategica-para-a-sua-empresa/index.html]
[www.marketingcentral.com.br/wp-login6885.html]
[www.marketingcentral.com.br/wp-content/uploads/2022/03/Como-conseguir-um-perfil-engajado3.jpg]
[www.marketingcentral.com.br/wp-content/cache/min/1/a43948a2d1b02fad3a4ec817c11519fd.css]
[www.marketingcentral.com.br/wp-json/wp/v2/posts/4452.json]
[www.marketingcentral.com.br/wp-json/oembed/1.0/embedf990.json]
[www.marketingcentral.com.br/wp-json/oembed/1.0/embed251d]
[www.marketingcentral.com.br/wp-content/uploads/2022/03/Como-conseguir-um-perfil-engajado4-1.jpg]
[www.marketingcentral.com.br/wp-content/uploads/2022/03/Como-conseguir-um-perfil-engajado3-300x215.jpg]
[www.marketingcentral.com.br/como-conseguir-um-perfil-engajado/index.html]
[www.marketingcentral.com.br/wp-login0aa4.html]
[www.marketingcentral.com.br/wp-json/wp/v2/categories/63.json]
[www.marketingcentral.com.br/como-ganhar-dinheiro-com-aplicativos-de-celular/index.html]
[www.marketingcentral.com.br/wp-content/uploads/2021/10/como-ganhar-dinheiro-com-aplicativos-de-celular10-800x576.jpg]
[www.marketingcentral.com.br/category/dicas-da-marketing-central/index.html]
[www.marketingcentral.com.br/wp-json/wp/v2/categories/40.json]
[www.marketingcentral.com.br/8-dicas-importantes-antes-de-investir-em-redes-sociais/index.html]
[www.marketingcentral.com.br/wp-content/uploads/2021/10/8-dicas-importantes-antes-de-investir-em-redes-sociais10-800x576.jpg]
[www.marketingcentral.com.br/por-que-meu-negocio-precisa-ter-uma-fan-page-no-facebook/index.html]
[www.marketingcentral.com.br/wp-content/uploads/2021/10/por-que-meu-negocio-precisa-ter-uma-fan-page-no-facebook2.jpg]
[www.marketingcentral.com.br/category/social-media-marketing/index.html]
[www.marketingcentral.com.br/wp-content/cache/min/1/a2f8d7d06969a2da8ef0be9c6c02733d.css]
[www.marketingcentral.com.br/wp-json/wp/v2/posts/4440.json]
[www.marketingcentral.com.br/wp-json/oembed/1.0/embeddf77.json]
[www.marketingcentral.com.br/wp-json/oembed/1.0/embedd461]
[www.marketingcentral.com.br/wp-content/uploads/2022/03/Semana-do-Consumidor-–-Como-aumentar-minhas-vendas-no-Instagram.-1.jpg]
[www.marketingcentral.com.br/wp-content/uploads/2022/03/Semana-do-Consumidor-–-Como-aumentar-minhas-vendas-no-Instagram.-300x216.jpg]
[www.marketingcentral.com.br/semana-do-consumidor-como-aumentar-minhas-vendas-no-instagram/index.html]
[www.marketingcentral.com.br/wp-loginc432.html]
[www.marketingcentral.com.br/wp-content/uploads/2021/11/o-que-e-marketing-digital-e-para-que-serve2.jpg]
[www.marketingcentral.com.br/wp-content/cache/min/1/c2790cfc774fa9da59822c92dd7ce52f.css]
[www.marketingcentral.com.br/wp-json/wp/v2/posts/4283.json]
[www.marketingcentral.com.br/wp-json/oembed/1.0/embed5d04.json]
[www.marketingcentral.com.br/wp-json/oembed/1.0/embed9143]
[www.marketingcentral.com.br/wp-content/uploads/2021/11/light-bulb-with-drawing-graph.jpg]
[www.marketingcentral.com.br/wp-login1724.html]
[www.marketingcentral.com.br/o-que-e-marketing-digital-e-para-que-serve/index.html]
[www.marketingcentral.com.br/wp-content/plugins/kk-star-ratings/src/core/public/svg/inactive.svg]
[www.marketingcentral.com.br/wp-content/plugins/kk-star-ratings/src/core/public/svg/active.svg]
[www.marketingcentral.com.br/wp-content/plugins/kk-star-ratings/src/core/public/svg/selected.svg]
[www.marketingcentral.com.br/wp-content/plugins/elementor/assets/lib/font-awesome/fonts/fontawesome-webfont3e6e.svg]
[www.marketingcentral.com.br/wp-content/plugins/dethemekit-for-elementor/assets/fonts/Simple-Line-Iconsb26c.svg]
[www.marketingcentral.com.br/wp-content/plugins/elementor/assets/lib/eicons/fonts/eiconsdc2c.svg]
[www.marketingcentral.com.br/wp-content/plugins/elementor/assets/lib/font-awesome/webfonts/fa-brands-400.svg]
[www.marketingcentral.com.br/wp-content/plugins/elementor/assets/lib/font-awesome/webfonts/fa-regular-400.svg]
[www.marketingcentral.com.br/wp-content/plugins/elementor/assets/lib/font-awesome/webfonts/fa-solid-900.svg]
[www.perfectdesigner.com.br/2021/wp-content/uploads/2021/10/analise-site-perfect-designer.html]
[www.marketingcentral.com.br/wp-content/themes/pdseo/svg/load-more-arrow.svg]
[www.marketingcentral.com.br/wp-content/themes/pdseo/fonts/seosight.svg]
[www.marketingcentral.com.br/wp-content/plugins/elementor-seosight/assets/fonts/seotheme.svg]
[www.marketingcentral.com.br/wp-content/plugins/revslider/public/assets/fonts/font-awesome/fonts/fontawesome-webfont3e6e.svg]
[www.marketingcentral.com.br/wp-content/plugins/revslider/public/assets/fonts/revicons/revicons90c6.svg]
[www.marketingcentral.com.br/wp-content/plugins/revslider/public/assets/css/openhand.html]
[www.marketingcentral.com.br/wp-content/plugins/revslider/public/assets/css/closedhand.html]
[www.marketingcentral.com.br/wp-content/cache/min/1/99f0bf163e128a94e83b940e9d503fb9.css]
[www.marketingcentral.com.br/index0347.html]
[www.marketingcentral.com.br/wp-content/cache/min/1/83d7af14b6846c500f6ce1fcb0683933.css]
[www.marketingcentral.com.br/index00e0.html]
[www.marketingcentral.com.br/wp-content/cache/min/1/a42e25a5add30e526c1c831cb7e3b75f.css]
[www.marketingcentral.com.br/index4ad4.html]
[www.marketingcentral.com.br/wp-content/cache/min/1/c87df8e70ecabb0267c394fe517461db.css]
[www.marketingcentral.com.br/indexaa3c.html]
[www.marketingcentral.com.br/wp-content/cache/min/1/16fb0c0c7a391e8d3ff6c777fb91c81e.css]
[www.marketingcentral.com.br/indexd172.html]
[www.marketingcentral.com.br/wp-content/cache/min/1/a4b17328fd4dd97acb7f06856182d263.css]
[www.marketingcentral.com.br/index9610.html]
[www.marketingcentral.com.br/wp-content/cache/min/1/bcf257d1ee218cdd99fc2c53ce350fbe.css]
[www.marketingcentral.com.br/indexb280.html]
[www.marketingcentral.com.br/wp-content/cache/min/1/0598418d8695278ae314c2d921b022ad.css]
[www.marketingcentral.com.br/indexff9c.html]
[www.marketingcentral.com.br/wp-content/cache/min/1/f07567d90a035b9dd7b1ea20b003e050.css]
[www.marketingcentral.com.br/index7409.html]
[www.marketingcentral.com.br/wp-content/cache/min/1/2322600f4ca971b93afaf759b3f50f24.css]
[www.marketingcentral.com.br/index091e.html]
[www.marketingcentral.com.br/wp-content/cache/min/1/0929e55ef5e3e0f8de0f59d86a9f9935.css]
[www.marketingcentral.com.br/index8bb4.html]
[www.marketingcentral.com.br/wp-content/cache/min/1/385d7d38839a7cf6356f165439108c23.css]
[www.marketingcentral.com.br/index7667.html]
[www.marketingcentral.com.br/wp-content/cache/min/1/2a86fd00ff4c5580f05a5abb9dc8cb4d.css]
[www.marketingcentral.com.br/index9a2a.html]
[www.marketingcentral.com.br/wp-content/cache/min/1/8495817ca8cfe8efdfdb7bbd6a269d9a.js]
[www.marketingcentral.com.br/wp-content/cache/min/1/9aa3a4cc45a0ba372bd24fd849ca339b.css]
[www.marketingcentral.com.br/wp-content/uploads/2021/10/fix-galpao-case1.jpg]
[www.marketingcentral.com.br/wp-json/wp/v2/fw-portfolio/4084.json]
[www.marketingcentral.com.br/wp-json/oembed/1.0/embed1a69.json]
[www.marketingcentral.com.br/wp-json/oembed/1.0/embed2dce]
[www.marketingcentral.com.br/wp-content/uploads/2021/10/fix-galpao-case1-768x473.jpg]
[www.marketingcentral.com.br/wp-content/uploads/2021/10/fix-galpao-page3.jpg]
[www.marketingcentral.com.br/wp-content/uploads/2021/10/fix-galpao-page2.jpg]
[www.marketingcentral.com.br/wp-content/uploads/2021/10/fix-galpao-page1.jpg]
[www.marketingcentral.com.br/project/fix-galpao/index.html]
[www.marketingcentral.com.br/portfolio/seo-works/index.html]
[www.marketingcentral.com.br/wp-json/wp/v2/fw-portfolio-category/16.json]
[www.marketingcentral.com.br/wp-content/uploads/2022/02/Navac-Tintas-case.jpg]
[www.marketingcentral.com.br/wp-json/wp/v2/fw-portfolio/4382.json]
[www.marketingcentral.com.br/wp-content/cache/min/1/34c9003b611bf362b658ecba5a4adfd3.css]
[www.marketingcentral.com.br/wp-json/oembed/1.0/embed5025.json]
[www.marketingcentral.com.br/wp-json/oembed/1.0/embed2f82]
[www.marketingcentral.com.br/wp-content/uploads/2022/02/Navac-Tintas-case-768x473.jpg]
[www.marketingcentral.com.br/wp-content/uploads/2022/02/Navac-Tintas-page3.jpg]
[www.marketingcentral.com.br/wp-content/uploads/2022/02/Navac-Tintas-page2.jpg]
[www.marketingcentral.com.br/wp-content/uploads/2022/02/Navac-Tintas-page1.jpg]
[www.marketingcentral.com.br/project/navac-tintas/index.html]
[www.marketingcentral.com.br/wp-content/cache/min/1/f5929c70621fd4ca8d0d1c7a79bf0737.css]
[www.marketingcentral.com.br/wp-content/uploads/2022/02/imovei-mw-case.jpg]
[www.marketingcentral.com.br/wp-json/wp/v2/fw-portfolio/4409.json]
[www.marketingcentral.com.br/wp-json/oembed/1.0/embed78c4.json]
[www.marketingcentral.com.br/wp-json/oembed/1.0/embed9560]
[www.marketingcentral.com.br/wp-content/uploads/2022/02/imovei-mw-case-768x473.jpg]
[www.marketingcentral.com.br/wp-content/uploads/2022/02/imovei-mw-page3.jpg]
[www.marketingcentral.com.br/wp-content/uploads/2022/02/imovei-mw-page2.jpg]
[www.marketingcentral.com.br/wp-content/uploads/2022/02/imovei-mw-page1.jpg]
[www.marketingcentral.com.br/project/imoveis-mw/index.html]
[www.marketingcentral.com.br/wp-content/cache/min/1/2f4e05359815735ee382fa6bcf4cfe40.css]
[www.marketingcentral.com.br/wp-content/uploads/2022/02/sos-construtora-case.jpg]
[www.marketingcentral.com.br/wp-json/wp/v2/fw-portfolio/4395.json]
[www.marketingcentral.com.br/wp-json/oembed/1.0/embed2dd1.json]
[www.marketingcentral.com.br/wp-json/oembed/1.0/embede6c8]
[www.marketingcentral.com.br/wp-content/uploads/2022/02/sos-construtora-case-768x473.jpg]
[www.marketingcentral.com.br/wp-content/uploads/2022/02/sos-construtora-page3.jpg]
[www.marketingcentral.com.br/wp-content/uploads/2022/02/sos-construtora-page2.jpg]
[www.marketingcentral.com.br/wp-content/uploads/2022/02/sos-construtora-page4.jpg]
[www.marketingcentral.com.br/project/sos-construtora/index.html]
[www.marketingcentral.com.br/wp-content/uploads/2022/02/banco-ica-case.jpg]
[www.marketingcentral.com.br/wp-content/cache/min/1/f7dbcab34abb425e78c19b9bd8ec644e.css]
[www.marketingcentral.com.br/wp-json/wp/v2/fw-portfolio/4419.json]
[www.marketingcentral.com.br/wp-json/oembed/1.0/embed713c.json]
[www.marketingcentral.com.br/wp-json/oembed/1.0/embed074f]
[www.marketingcentral.com.br/wp-content/uploads/2022/02/banco-ica-case-768x473.jpg]
[www.marketingcentral.com.br/wp-content/uploads/2022/02/banco-ica-page3.jpg]
[www.marketingcentral.com.br/wp-content/uploads/2022/02/banco-ica-page2.jpg]
[www.marketingcentral.com.br/wp-content/uploads/2022/02/banco-ica-page1.jpg]
[www.marketingcentral.com.br/project/banco-ica/index.html]
[www.marketingcentral.com.br/wp-content/cache/min/1/4980e519a21e7cc20dda40f057510f1d.css]
[www.marketingcentral.com.br/wp-content/uploads/2021/10/evolucao-metalica-case1.jpg]
[www.marketingcentral.com.br/wp-json/wp/v2/fw-portfolio/4096.json]
[www.marketingcentral.com.br/wp-json/oembed/1.0/embedcd1e.json]
[www.marketingcentral.com.br/wp-json/oembed/1.0/embed321e]
[www.marketingcentral.com.br/wp-content/uploads/2021/10/evolucao-metalica-page3.jpg]
[www.marketingcentral.com.br/wp-content/uploads/2021/10/evolucao-metalica-page2.jpg]
[www.marketingcentral.com.br/wp-content/uploads/2021/10/evolucao-metalica-page1.jpg]
[www.marketingcentral.com.br/project/evolucao-metalica/index.html]
[www.marketingcentral.com.br/wp-content/cache/min/1/140e64214dd21cc4d8ee79fe17e9dabb.css]
[www.marketingcentral.com.br/wp-content/uploads/2021/10/Investidor-imbativel-case1.jpg]
[www.marketingcentral.com.br/wp-json/wp/v2/fw-portfolio/4035.json]
[www.marketingcentral.com.br/wp-json/oembed/1.0/embed50bc.json]
[www.marketingcentral.com.br/wp-json/oembed/1.0/embedd561]
[www.marketingcentral.com.br/wp-content/uploads/2021/10/Investidor-imbativel-case1-768x473.jpg]
[www.marketingcentral.com.br/wp-content/uploads/2021/10/Investidor-imbativel-page3.jpg]
[www.marketingcentral.com.br/wp-content/uploads/2021/10/Investidor-imbativel-page2.jpg]
[www.marketingcentral.com.br/wp-content/uploads/2021/10/Investidor-imbativel-page1.jpg]
[www.marketingcentral.com.br/project/investidor-imbativel/index.html]
[www.marketingcentral.com.br/wp-content/cache/min/1/698c2f827b2750ddf8ad3b02dd8e2075.css]
[www.marketingcentral.com.br/wp-content/uploads/2021/10/Jupar-case20.jpg]
[www.marketingcentral.com.br/wp-json/wp/v2/fw-portfolio/4009.json]
[www.marketingcentral.com.br/wp-json/oembed/1.0/embed57cf.json]
[www.marketingcentral.com.br/wp-json/oembed/1.0/embeda99b]
[www.marketingcentral.com.br/wp-content/uploads/2021/10/Jupar-case20-768x473.jpg]
[www.marketingcentral.com.br/wp-content/uploads/2021/10/Jupar-page3.jpg]
[www.marketingcentral.com.br/wp-content/uploads/2021/10/Jupar-page2.jpg]
[www.marketingcentral.com.br/wp-content/uploads/2021/10/Jupar-page1.jpg]
[www.marketingcentral.com.br/project/jupar/index.html]
[www.marketingcentral.com.br/wp-content/cache/min/1/ddca323776c40ee9b50de4c2ad823dc4.css]
[www.marketingcentral.com.br/wp-content/uploads/2021/10/case-uniservice4.jpg]
[www.marketingcentral.com.br/wp-json/wp/v2/fw-portfolio/3651.json]
[www.marketingcentral.com.br/wp-json/oembed/1.0/embed6b24.json]
[www.marketingcentral.com.br/wp-json/oembed/1.0/embedfcc2]
[www.marketingcentral.com.br/wp-content/uploads/2021/10/case-uniservice4-768x473.jpg]
[www.marketingcentral.com.br/wp-content/uploads/2021/10/prebiew-site-home-uniservice3.jpg]
[www.marketingcentral.com.br/wp-content/uploads/2021/10/prebiew-site-home-uniservice2.jpg]
[www.marketingcentral.com.br/wp-content/uploads/2021/10/prebiew-site-home-uniservice.jpg]
[www.marketingcentral.com.br/wp-content/uploads/2021/10/gtmetrix-uniservice.jpg]
[www.marketingcentral.com.br/project/uniservice-implementos/index.html]
[www.marketingcentral.com.br/portfolio/social-media/index.html]
[www.marketingcentral.com.br/wp-json/wp/v2/fw-portfolio-category/68.json]
[www.marketingcentral.com.br/wp-content/cache/min/1/f88b39b5eb63c6833baacd2705b5ee56.css]
[www.marketingcentral.com.br/wp-content/uploads/2021/10/Loja-Jupar-case10.jpg]
[www.marketingcentral.com.br/wp-json/wp/v2/fw-portfolio/3367.json]
[www.marketingcentral.com.br/wp-json/oembed/1.0/embeda730.json]
[www.marketingcentral.com.br/wp-json/oembed/1.0/embed8bba]
[www.marketingcentral.com.br/wp-content/uploads/2021/10/Loja-Jupar-case10-1024x630.jpg]
[www.marketingcentral.com.br/wp-content/uploads/2021/10/prebiew-site-home-lojajupar2.jpg]
[www.marketingcentral.com.br/wp-content/uploads/2021/10/prebiew-site-home-lojajupar3.jpg]
[www.marketingcentral.com.br/wp-content/uploads/2021/10/prebiew-site-home-lojajupar.jpg]
[www.marketingcentral.com.br/wp-content/uploads/2021/10/gtmetrix-loja-jupar.jpg]
[www.marketingcentral.com.br/project/loja-jupar/index.html]
[www.marketingcentral.com.br/wp-content/cache/min/1/87557819433dc9fd6e45abe2802ddbfd.css]
[www.marketingcentral.com.br/wp-content/uploads/2021/10/prebiew-site-home-mdllocacoes3.jpg]
[www.marketingcentral.com.br/wp-content/uploads/2021/10/mdl-locacoes-case-10.webp]
[www.marketingcentral.com.br/wp-json/wp/v2/fw-portfolio/3347.json]
[www.marketingcentral.com.br/wp-json/oembed/1.0/embedf12d.json]
[www.marketingcentral.com.br/wp-json/oembed/1.0/embed8b98]
[www.marketingcentral.com.br/wp-content/uploads/2021/10/mdl-locacoes-case-10-768x473.webp]
[www.marketingcentral.com.br/wp-content/uploads/2021/10/prebiew-site-home-mdllocacoes2.jpg]
[www.marketingcentral.com.br/wp-content/uploads/2021/10/prebiew-site-home-mdllocacoes.jpg]
[www.marketingcentral.com.br/wp-content/uploads/2021/10/gtmetrix-mdl.jpg]
[www.marketingcentral.com.br/wp-content/uploads/2021/10/arte1.png]
[www.marketingcentral.com.br/wp-content/uploads/2021/10/arte1-300x251.png]
[www.marketingcentral.com.br/wp-content/uploads/2021/10/arte2-300x300.png]
[www.marketingcentral.com.br/wp-content/uploads/2021/10/DIA_do_vendedor-300x300.png]
[www.marketingcentral.com.br/wp-content/uploads/2021/10/promocao-2-por-1-300x300.png]
[www.marketingcentral.com.br/project/mdl-locacoes/index.html]
[www.marketingcentral.com.br/wp-content/cache/min/1/7018ac2ad5288a75a67e2162f8be28a4.css]
[www.marketingcentral.com.br/wp-content/uploads/2021/10/mandalog-case5.jpg]
[www.marketingcentral.com.br/wp-json/wp/v2/fw-portfolio/3314.json]
[www.marketingcentral.com.br/wp-json/oembed/1.0/embed0564.json]
[www.marketingcentral.com.br/wp-json/oembed/1.0/embed34e1]
[www.marketingcentral.com.br/wp-content/uploads/2021/10/mandalog-case4-768x473.jpg]
[www.marketingcentral.com.br/wp-content/uploads/2021/10/prebiew-site-home-mandalog3.jpg]
[www.marketingcentral.com.br/wp-content/uploads/2021/10/prebiew-site-home-mandalog2.jpg]
[www.marketingcentral.com.br/wp-content/uploads/2021/10/prebiew-site-home-mandalog.jpg]
[www.marketingcentral.com.br/wp-content/uploads/2021/10/gtmetrix-mandalog.jpg]
[www.marketingcentral.com.br/wp-content/uploads/2021/10/amandalog-300x300.png]
[www.marketingcentral.com.br/wp-content/uploads/2021/10/arte_002-300x300.png]
[www.marketingcentral.com.br/wp-content/uploads/2021/10/arte_003-300x300.png]
[www.marketingcentral.com.br/wp-content/uploads/2021/10/Dia-do-vendedor.png]
[www.marketingcentral.com.br/wp-content/uploads/2021/10/Dia-do-vendedor-300x300.png]
[www.marketingcentral.com.br/project/mandalog/index.html]
[www.marketingcentral.com.br/wp-content/uploads/2016/11/vendasfix-case.jpg]
[www.marketingcentral.com.br/wp-json/wp/v2/fw-portfolio/243.json]
[www.marketingcentral.com.br/wp-json/oembed/1.0/embed1502.json]
[www.marketingcentral.com.br/wp-json/oembed/1.0/embedb580]
[www.marketingcentral.com.br/wp-content/uploads/2016/11/vendasfix-case-768x473.jpg]
[www.marketingcentral.com.br/wp-content/uploads/2016/11/prebiew-site-home-vendasfix3.jpg]
[www.marketingcentral.com.br/wp-content/uploads/2016/11/prebiew-site-home-vendasfix2.jpg]
[www.marketingcentral.com.br/wp-content/uploads/2016/11/prebiew-site-home-vendasfix.jpg]
[www.marketingcentral.com.br/wp-content/uploads/2016/11/gtmetrix.jpg]
[www.marketingcentral.com.br/wp-content/uploads/2016/11/vendasfix-seo.jpg]
[www.marketingcentral.com.br/project/vendas-fix/index.html]
[www.marketingcentral.com.br/portfolio/email-marketing/index.html]
[www.marketingcentral.com.br/wp-json/wp/v2/fw-portfolio-category/69.json]
[www.marketingcentral.com.br/portfolio/marketing-360/index.html]
[www.marketingcentral.com.br/blog/index.html]
[www.marketingcentral.com.br/wp-content/cache/min/1/ec3468686ce5ecfe07f9b120d0177518.css]
[www.marketingcentral.com.br/index4237.html]
[www.marketingcentral.com.br/wp-json/wp/v2/fw-portfolio-category/67.json]
[www.marketingcentral.com.br/wp-content/cache/min/1/782888f794e009bb4ed0e0ccfbf93d55.css]
[www.marketingcentral.com.br/portfolio/site-institucional/page/2/index.html]
[www.marketingcentral.com.br/portfolio/site-institucional/feed/index.html]
[www.marketingcentral.com.br/wp-content/cache/min/1/9d1e7025e482d25c74e75c8cfae63ef7.css]
[www.marketingcentral.com.br/index0c18.html]
[www.marketingcentral.com.br/portfolio/google-adwords/page/2/index.html]
[www.marketingcentral.com.br/portfolio/google-adwords/feed/index.html]
[www.marketingcentral.com.br/wp-content/cache/min/1/b785c765fad5550cf7e495ac46013b67.css]
[www.marketingcentral.com.br/index14d1.html]
[www.marketingcentral.com.br/wp-content/cache/min/1/99307df2962966bcbddcc876e28b7acd.css]
[www.marketingcentral.com.br/index0e82.html]
[www.marketingcentral.com.br/wp-content/cache/min/1/c23206ac9081bb89226bace2daca4f65.css]
[www.marketingcentral.com.br/index671c.html]
[www.marketingcentral.com.br/wp-content/cache/min/1/0519ef62e716b4020907c2d52396f143.css]
[www.marketingcentral.com.br/index25ab.html]
[www.marketingcentral.com.br/portfolio/loja-virtual/feed/index.html]
[www.marketingcentral.com.br/wp-content/cache/min/1/abc865f9533273cdfa2301a5da5a2993.css]
[www.marketingcentral.com.br/index27d5.html]
[www.marketingcentral.com.br/wp-content/uploads/2021/10/como-ganhar-dinheiro-com-aplicativos-de-celular10-768x576.jpg]
[www.marketingcentral.com.br/wp-content/cache/min/1/018b5cfd1a69685494da24f8e99fa1cc.css]
[www.marketingcentral.com.br/wp-content/uploads/2021/10/8-dicas-importantes-antes-de-investir-em-redes-sociais10-768x576.jpg]
[www.marketingcentral.com.br/wp-content/uploads/2021/10/por-que-meu-negocio-precisa-ter-uma-fan-page-no-facebook2-768x553.jpg]
[www.marketingcentral.com.br/wp-content/uploads/2021/10/marketing-digital-para-empreendedores10-768x576.jpg]
[www.marketingcentral.com.br/wp-content/uploads/2021/10/a-importancia-do-marketing-digital-para-o-seu-negocio-capa3-768x576.jpg]
[www.marketingcentral.com.br/wp-content/uploads/2021/10/por-que-devo-terceirizar-o-marketing-da-minha-empresa-capa-768x576.jpg]
[www.marketingcentral.com.br/blog/2/index.html]
[www.marketingcentral.com.br/category/app/index.html]
[www.marketingcentral.com.br/wp-json/wp/v2/categories/62.json]
[www.marketingcentral.com.br/tag/dicas/index.html]
[www.marketingcentral.com.br/tag/digital-marketing/index.html]
[www.marketingcentral.com.br/wp-content/cache/min/1/b6ad3a634e4575e275ce13c1cd5c090f.css]
[www.marketingcentral.com.br/sem-resultados-nas-suas-acoes-digitais-inbound-marketing-a-atracao-do-cliente-para-pequenos-empreendedores/feed/index.html]
[www.marketingcentral.com.br/index8466.html]
[www.marketingcentral.com.br/wp-content/themes/pdseo/svg/socials/twitter.svg]
[www.marketingcentral.com.br/wp-content/themes/pdseo/svg/socials/linkedin.svg]
[www.marketingcentral.com.br/wp-content/themes/pdseo/svg/socials/pinterest.svg]
[www.marketingcentral.com.br/wp-content/themes/pdseo/svg/socials/vk.svg]
[www.marketingcentral.com.br/wp-json/wp/v2/tags/73.json]
[www.marketingcentral.com.br/wp-includes/css/dashicons.min8bc9.css]
[www.marketingcentral.com.br/wp-includes/css/buttons.min8bc9.css]
[www.marketingcentral.com.br/wp-admin/css/forms.min8bc9.css]
[www.marketingcentral.com.br/wp-admin/css/l10n.min8bc9.css]
[www.marketingcentral.com.br/wp-admin/css/login.min8bc9.css]
[www.marketingcentral.com.br/wp-content/uploads/2021/10/cropped-icon-270x270.png]
[www.marketingcentral.com.br/wp-loginc2b6.html]
[www.marketingcentral.com.br/wp-includes/js/jquery/jquery.minaf6c.js]
[www.marketingcentral.com.br/wp-includes/js/jquery/jquery-migrate.mind617.js]
[www.marketingcentral.com.br/wp-includes/js/zxcvbn-async.min5152.js]
[www.marketingcentral.com.br/wp-includes/js/dist/vendor/regenerator-runtime.min3937.js]
[www.marketingcentral.com.br/wp-includes/js/dist/hooks.mincbb5.js]
[www.marketingcentral.com.br/wp-includes/js/dist/i18n.min771a.js]
[www.marketingcentral.com.br/wp-admin/js/password-strength-meter.min8bc9.js]
[www.marketingcentral.com.br/wp-includes/js/underscore.minb37e.js]
[www.marketingcentral.com.br/wp-includes/js/wp-util.min8bc9.js]
[www.marketingcentral.com.br/wp-login19f3.html]
[www.marketingcentral.com.br/category/programacao/feed/index.html]
[www.marketingcentral.com.br/category/marketing-digital/feed/index.html]
[www.marketingcentral.com.br/wp-admin/js/user-profile.min8bc9.js]
[www.marketingcentral.com.br/wp-content/cache/min/1/0f496ac49ca7f3326308027934c18bde.css]
[www.marketingcentral.com.br/wp-content/uploads/2021/10/marketing-digital-para-empreendedores10.jpg]
[www.marketingcentral.com.br/wp-json/wp/v2/posts/2937.json]
[www.marketingcentral.com.br/wp-json/oembed/1.0/embed22f7.json]
[www.marketingcentral.com.br/wp-json/oembed/1.0/embeda474]
[www.marketingcentral.com.br/wp-content/uploads/2021/10/marketing-digital-para-empreendedores10-300x225.jpg]
[www.marketingcentral.com.br/marketing-digital-para-empreendedores/index.html]
[www.marketingcentral.com.br/wp-login79f0.html]
[www.marketingcentral.com.br/wp-content/uploads/2021/10/a-importancia-do-marketing-digital-para-o-seu-negocio-capa3.jpg]
[www.marketingcentral.com.br/wp-json/wp/v2/posts/2924.json]
[www.marketingcentral.com.br/wp-json/oembed/1.0/embed99e8.json]
[www.marketingcentral.com.br/wp-json/oembed/1.0/embed0f9a]
[www.marketingcentral.com.br/wp-content/uploads/2021/10/a-importancia-do-marketing-digital-para-o-seu-negocio-capa3-300x225.jpg]
[www.marketingcentral.com.br/a-importancia-do-marketing-digital-para-o-seu-negocio/index.html]
[www.marketingcentral.com.br/wp-login19d0.html]
[www.marketingcentral.com.br/wp-content/cache/min/1/b2cc181054beaadfbcf622170947563b.css]
[www.marketingcentral.com.br/wp-content/uploads/2021/10/por-que-devo-terceirizar-o-marketing-da-minha-empresa-capa.jpg]
[www.marketingcentral.com.br/wp-content/cache/min/1/7656c10116d77b194dc04867cc819d72.css]
[www.marketingcentral.com.br/wp-json/wp/v2/posts/2907.json]
[www.marketingcentral.com.br/wp-json/oembed/1.0/embed8de4.json]
[www.marketingcentral.com.br/wp-json/oembed/1.0/embed7ff0]
[www.marketingcentral.com.br/wp-content/uploads/2021/10/por-que-devo-terceirizar-o-marketing-da-minha-empresa-capa-300x225.jpg]
[www.marketingcentral.com.br/por-que-devo-terceirizar-o-marketing-da-minha-empresa/index.html]
[www.marketingcentral.com.br/wp-content/cache/min/1/6cd2cc1322f641b3ce4fad6563a2adeb.css]
[www.marketingcentral.com.br/se-a-sua-empresa-ainda-nao-tem-um-site-voce-esta-deixando-de-vender/feed/index.html]
[www.marketingcentral.com.br/index1b88.html]
[www.marketingcentral.com.br/wp-loginbd16.html]
[www.marketingcentral.com.br/wp-content/cache/min/1/75b780b998a73f427fbb207dcbea7114.css]
[www.marketingcentral.com.br/seo-entenda-a-importancia-dessa-ferramenta-estrategica-para-a-sua-empresa/feed/index.html]
[www.marketingcentral.com.br/index8f43.html]
[www.marketingcentral.com.br/wp-login6885.html]
[www.marketingcentral.com.br/wp-login34ba.html]
[www.marketingcentral.com.br/wp-content/cache/min/1/a43948a2d1b02fad3a4ec817c11519fd.css]
[www.marketingcentral.com.br/como-conseguir-um-perfil-engajado/feed/index.html]
[www.marketingcentral.com.br/index5517.html]
[www.marketingcentral.com.br/wp-login0aa4.html]
[www.marketingcentral.com.br/category/dicas-da-marketing-central/feed/index.html]
[www.marketingcentral.com.br/wp-content/uploads/2021/10/como-ganhar-dinheiro-com-aplicativos-de-celular10.jpg]
[www.marketingcentral.com.br/wp-content/cache/min/1/111760ca7e01faa8aa1f873419eb0793.css]
[www.marketingcentral.com.br/wp-json/wp/v2/posts/3007.json]
[www.marketingcentral.com.br/wp-json/oembed/1.0/embeddd0a.json]
[www.marketingcentral.com.br/wp-json/oembed/1.0/embedcc4b]
[www.marketingcentral.com.br/wp-content/uploads/2021/10/criacao-de-aplicativo-700x436-1.webp]
[www.marketingcentral.com.br/wp-content/uploads/2021/10/como-ganhar-dinheiro-com-aplicativos-de-celular10-300x225.jpg]
[www.marketingcentral.com.br/como-ganhar-dinheiro-com-aplicativos-de-celular/index.html]
[www.marketingcentral.com.br/category/social-media-marketing/feed/index.html]
[www.marketingcentral.com.br/wp-login2d72.html]
[www.marketingcentral.com.br/wp-content/uploads/2021/10/8-dicas-importantes-antes-de-investir-em-redes-sociais10.jpg]
[www.marketingcentral.com.br/wp-content/cache/min/1/1bea6cd329b395862447dfb67f3e4072.css]
[www.marketingcentral.com.br/wp-json/wp/v2/posts/3000.json]
[www.marketingcentral.com.br/wp-json/oembed/1.0/embedcfd5.json]
[www.marketingcentral.com.br/wp-json/oembed/1.0/embedb7ae]
[www.marketingcentral.com.br/wp-content/uploads/2021/10/8-dicas-importantes-antes-de-investir-em-redes-sociais10-300x225.jpg]
[www.marketingcentral.com.br/8-dicas-importantes-antes-de-investir-em-redes-sociais/index.html]
[www.marketingcentral.com.br/wp-logina528.html]
[www.marketingcentral.com.br/wp-content/cache/min/1/b080b228cdd86278f2af09825887c7ca.css]
[www.marketingcentral.com.br/wp-json/wp/v2/posts/2967.json]
[www.marketingcentral.com.br/wp-json/oembed/1.0/embed30c6.json]
[www.marketingcentral.com.br/wp-json/oembed/1.0/embed35c3]
[www.marketingcentral.com.br/wp-content/uploads/2021/10/facebook-1183710_1280-531x1024.webp]
[www.marketingcentral.com.br/wp-content/uploads/2021/10/por-que-meu-negocio-precisa-ter-uma-fan-page-no-facebook2-300x216.jpg]
[www.marketingcentral.com.br/por-que-meu-negocio-precisa-ter-uma-fan-page-no-facebook/index.html]
[www.marketingcentral.com.br/wp-content/cache/min/1/a2f8d7d06969a2da8ef0be9c6c02733d.css]
[www.marketingcentral.com.br/semana-do-consumidor-como-aumentar-minhas-vendas-no-instagram/feed/index.html]
[www.marketingcentral.com.br/index4400.html]
[www.marketingcentral.com.br/wp-loginc432.html]
[www.marketingcentral.com.br/wp-login0a98.html]
[www.marketingcentral.com.br/wp-content/cache/min/1/c2790cfc774fa9da59822c92dd7ce52f.css]
[www.marketingcentral.com.br/o-que-e-marketing-digital-e-para-que-serve/feed/index.html]
[www.marketingcentral.com.br/index97c2.html]
[www.marketingcentral.com.br/wp-login1724.html]
[www.marketingcentral.com.br/wp-content/cache/min/1/9aa3a4cc45a0ba372bd24fd849ca339b.css]
[www.marketingcentral.com.br/index1e6d.html]
[www.marketingcentral.com.br/portfolio/seo-works/feed/index.html]
[www.marketingcentral.com.br/wp-content/cache/min/1/34c9003b611bf362b658ecba5a4adfd3.css]
[www.marketingcentral.com.br/index8fa7.html]
[www.marketingcentral.com.br/wp-content/cache/min/1/f5929c70621fd4ca8d0d1c7a79bf0737.css]
[www.marketingcentral.com.br/index161b.html]
[www.marketingcentral.com.br/wp-content/cache/min/1/2f4e05359815735ee382fa6bcf4cfe40.css]
[www.marketingcentral.com.br/index3801.html]
[www.marketingcentral.com.br/wp-content/cache/min/1/f7dbcab34abb425e78c19b9bd8ec644e.css]
[www.marketingcentral.com.br/indexa0dd.html]
[www.marketingcentral.com.br/wp-content/cache/min/1/4980e519a21e7cc20dda40f057510f1d.css]
[www.marketingcentral.com.br/index0b79.html]
[www.marketingcentral.com.br/wp-content/cache/min/1/140e64214dd21cc4d8ee79fe17e9dabb.css]
[www.marketingcentral.com.br/index951f.html]
[www.marketingcentral.com.br/wp-content/cache/min/1/698c2f827b2750ddf8ad3b02dd8e2075.css]
[www.marketingcentral.com.br/index7bb6.html]
[www.marketingcentral.com.br/wp-content/cache/min/1/ddca323776c40ee9b50de4c2ad823dc4.css]
[www.marketingcentral.com.br/indexe75a.html]
[www.marketingcentral.com.br/portfolio/social-media/feed/index.html]
[www.marketingcentral.com.br/wp-content/cache/min/1/f88b39b5eb63c6833baacd2705b5ee56.css]
[www.marketingcentral.com.br/indexe4fa.html]
[www.marketingcentral.com.br/wp-content/cache/min/1/87557819433dc9fd6e45abe2802ddbfd.css]
[www.marketingcentral.com.br/index428d.html]
[www.marketingcentral.com.br/wp-content/cache/min/1/7018ac2ad5288a75a67e2162f8be28a4.css]
[www.marketingcentral.com.br/index0f42.html]
[www.marketingcentral.com.br/wp-content/cache/min/1/018b5cfd1a69685494da24f8e99fa1cc.css]
[www.marketingcentral.com.br/indexfbc5.html]
[www.marketingcentral.com.br/portfolio/email-marketing/feed/index.html]
[www.marketingcentral.com.br/portfolio/marketing-360/feed/index.html]
[www.marketingcentral.com.br/category/app/feed/index.html]
[www.marketingcentral.com.br/tag/dicas/feed/index.html]
[www.marketingcentral.com.br/wp-includes/fonts/dashicons7d4b.eot]
[www.marketingcentral.com.br/wp-includes/css/dashicons.min8bc9.css]
[www.marketingcentral.com.br/wp-includes/css/buttons.min8bc9.css]
[www.marketingcentral.com.br/wp-includes/fonts/dashicons7d4b.ttf]
[www.marketingcentral.com.br/wp-admin/images/loading.gif]
[www.marketingcentral.com.br/wp-admin/css/forms.min8bc9.css]
[www.marketingcentral.com.br/wp-admin/css/l10n.min8bc9.css]
[www.marketingcentral.com.br/wp-admin/images/w-logo-blue7a53.png]
[www.marketingcentral.com.br/wp-admin/css/login.min8bc9.css]
[www.marketingcentral.com.br/wp-admin/images/wordpress-logo7d6b.svg]
[www.marketingcentral.com.br/wp-loginc2b6.html]
[www.marketingcentral.com.br/wp-content/cache/min/1/0f496ac49ca7f3326308027934c18bde.css]
[www.marketingcentral.com.br/marketing-digital-para-empreendedores/feed/index.html]
[www.marketingcentral.com.br/indexab7e.html]
[www.marketingcentral.com.br/wp-login79f0.html]
[www.marketingcentral.com.br/wp-content/cache/min/1/7656c10116d77b194dc04867cc819d72.css]
[www.marketingcentral.com.br/a-importancia-do-marketing-digital-para-o-seu-negocio/feed/index.html]
[www.marketingcentral.com.br/index4e3c.html]
[www.marketingcentral.com.br/wp-login19d0.html]
[www.marketingcentral.com.br/wp-content/cache/min/1/b2cc181054beaadfbcf622170947563b.css]
[www.marketingcentral.com.br/por-que-devo-terceirizar-o-marketing-da-minha-empresa/feed/index.html]
[www.marketingcentral.com.br/index4ac3.html]
[www.marketingcentral.com.br/wp-login34ba.html]
[www.marketingcentral.com.br/wp-login.html]
[www.marketingcentral.com.br/wp-content/cache/min/1/111760ca7e01faa8aa1f873419eb0793.css]
[www.marketingcentral.com.br/como-ganhar-dinheiro-com-aplicativos-de-celular/feed/index.html]
[www.marketingcentral.com.br/index739b.html]
[www.marketingcentral.com.br/wp-login2d72.html]
[www.marketingcentral.com.br/wp-content/cache/min/1/1bea6cd329b395862447dfb67f3e4072.css]
[www.marketingcentral.com.br/8-dicas-importantes-antes-de-investir-em-redes-sociais/feed/index.html]
[www.marketingcentral.com.br/indexf745.html]
[www.marketingcentral.com.br/wp-logina528.html]
[www.marketingcentral.com.br/wp-content/cache/min/1/b080b228cdd86278f2af09825887c7ca.css]
[www.marketingcentral.com.br/por-que-meu-negocio-precisa-ter-uma-fan-page-no-facebook/feed/index.html]
[www.marketingcentral.com.br/index70e3.html]
[www.marketingcentral.com.br/wp-login0a98.html]
[www.marketingcentral.com.brwp-content/uploads/10/criacao-de-aplicativo-img1.jpg]
[www.marketingcentral.com.br/wp-admin/images/wordpress-logo7d6b.svg]
[www.marketingcentral.com.br/wp-login.html]
